// Jest Snapshot v1, https://goo.gl/fbAQLP

exports[`Shape component renders Shape 1`] = `
<div
  style={
    Object {
      "backgroundColor": "#00FF00",
      "color": "#FF0000",
      "height": "20vh",
      "width": "20vw",
    }
  }
>
  hi
</div>
`;
