// Jest Snapshot v1, https://goo.gl/fbAQLP

exports[`Moods container matches a snapshot 1`] = `
<Fragment>
  <Controls
    handlers={
      Array [
        Array [
          "coffees",
          [Function],
          0,
        ],
        Array [
          "snacks",
          [Function],
          0,
        ],
        Array [
          "naps",
          [Function],
          0,
        ],
        Array [
          "study",
          [Function],
          0,
        ],
      ]
    }
  />
  <Face
    emoji="ðŸ˜ "
  />
</Fragment>
`;
